Botkube is now active for "testing" cluster :rocket:

*Ping your cluster*
Check the status of connected Kubernetes cluster(s).
  • `@Botkube ping`

*Manage incoming notifications*
```
@Botkube [enable|disable|status] notifications
```
  • `@Botkube enable notifications`
  • `@Botkube disable notifications`
  • `@Botkube status notifications`

*Notification settings for this channel*
By default, Botkube will notify only about cluster errors and recommendations.
  • `@Botkube edit SourceBindings`

*Manage automated actions*
```
@Botkube [list|enable|disable] action [action name]
```
  • `@Botkube list actions`

*View current Botkube configuration*
```
@Botkube show config
```
  • `@Botkube show config`

*List executors and aliases*
  • `@Botkube list executors`
  • `@Botkube list aliases`

*Run kubectl commands (if enabled)*
You can run kubectl commands directly from Platform!
  • `@Botkube kubectl get services`
  • `@Botkube kubectl get pods`
  • `@Botkube kubectl get deployments`

*Angry? Amazed?*
Give feedback: https://feedback.botkube.io

Read our docs: https://docs.botkube.io
Join our Slack: https://join.botkube.io
Follow us on Twitter: https://twitter.com/botkube_io
