BotKube is now active for "testing" cluster ðŸš€<br><br>**Using multiple instances**<br>If you are running multiple BotKube instances in the same channel to interact with testing, make sure to specify the cluster name when typing commands.<br>```
--cluster-name="testing"
```<br><br>**Ping your cluster**<br>Check the status of connected Kubernetes cluster(s)<br>  - `@BotKube ping`<br><br>**Run kubectl commands**<br>You can run kubectl commands directly from Platform!<br>  - `@BotKube get services`<br>  - `@BotKube get pods`<br>  - `@BotKube get deployments`<br><br>To list all supported kubectl commands<br>  - `@BotKube commands list`<br><br>**Manage incoming notifications**<br>```
@BotKube notifier [start|stop|status]
```<br>  - `@BotKube notifier start`<br>  - `@BotKube notifier stop`<br>  - `@BotKube notifier status`<br><br>**Filters (advanced)**<br>You can extend BotKube functionality by writing additional filters that can check resource specs, validate some checks and add messages to the Event struct. Learn more at https://botkube.io/filters<br><br>Angry? Amazed?<br>Give feedback: https://feedback.botkube.io<br><br>Read our docs: https://botkube.io<br>Join our Slack: https://join.botkube.io<br>Follow us on Twitter: https://twitter.com/botkube_io<br>