**🚀 Botkube instance "testing" is now active.**<br><br>**🛠️ Basic commands**<br>`@Botkube ping` - ping your cluster and check its status
`@Botkube list [source|executor|action|alias]` - list available plugins and features<br>  • `@Botkube ping`<br>  • `@Botkube list sources`<br>  • `@Botkube list executors`<br><br>**📣 Notifications**<br>`@Botkube [enable|disable|status] notifications` - set or query your notification status
`@Botkube edit sourcebindings` - select notification sources for this channel<br>  • `@Botkube enable notifications`<br>  • `@Botkube disable notifications`<br>  • `@Botkube status notifications`<br><br>**Run kubectl commands (if enabled)**<br>  • `@Botkube kubectl help`<br><br>**Other features**<br>Automation: https://docs.botkube.io/usage/automated-actions<br><br>Give feedback: https://feedback.botkube.io<br>Read our docs: https://docs.botkube.io<br>Join our Slack: https://join.botkube.io<br>Follow us on Twitter: https://twitter.com/botkube_io<br>