ALIAS COMMAND DISPLAY NAME
bkh   help    Botkube Help
p     ping    Botkube Ping